Godot Engine v4.6.1.stable.official.14d19694e - https://godotengine.org

[   0% ] first_scan_filesystem | Started Инициализация проекта (5 steps)
[   0% ] first_scan_filesystem | Сканирование структуры файлов…
[  16% ] first_scan_filesystem | Загрузка глобальных имен классов…
[  33% ] first_scan_filesystem | Проверка GDExtensions…
[  50% ] first_scan_filesystem | Создание скриптов автозагрузки…
[  66% ] first_scan_filesystem | Инициализация плагинов…
[  83% ] first_scan_filesystem | Начало сканирование файлов…
[ DONE ] first_scan_filesystem

[   0% ] _update_scan_actions | Started Сканирование действий… (4 steps)
[   0% ] _update_scan_actions | mcp_panel.csv
[  20% ] _update_scan_actions | tool_descriptions.csv
[  40% ] _update_scan_actions | archer.png
[  60% ] _update_scan_actions | nuke.png
[ DONE ] _update_scan_actions

[   0% ] reimport | Started Импорт или повторный импорт ассетов (2 steps)
[   0% ] reimport | Подготовка файлов к повторному импорту…
[  33% ] reimport | Подготовка файлов к повторному импорту…
[   0% ] reimport | Выполнение предимпортных операций…
[   0% ] reimport | archer.png
[  33% ] reimport | nuke.png
[  66% ] reimport | Завершение импорта активов…
[ DONE ] reimport

[   0% ] reimport | Started Импорт или повторный импорт ассетов (2 steps)
[   0% ] reimport | Выполнение операций после реимпорта…
[ DONE ] reimport

[   0% ] loading_editor_layout | Started Загрузка редактора (5 steps)
[   0% ] loading_editor_layout | Загрузка макета редактора…
[  16% ] loading_editor_layout | Загрузка док-панели…
[ DONE ] loading_editor_layout

WARNING: ObjectDB instances leaked at exit (run with --verbose for details).
   at: cleanup (core/object/object.cpp:2641)
ERROR: 10 resources still in use at exit (run with --verbose for details).
   at: clear (core/io/resource.cpp:810)
