
######################################################################
 CUBE SIEGE - AUTOMATED ENVIRONMENT & CODEBASE AUDIT
######################################################################

======================================================================
 [VERIFY] 1. Checking Development Toolchain
======================================================================
  [PASS]  | Python Runtime                      | v3.13.5
  [PASS]  | Git CLI                             | git version 2.50.0.windows.2
  [PASS]  | GitHub CLI (gh)                     | gh version 2.101.0 (2026-09-15) (Logged in to github.com account alex123321-maker (keyring))
  [PASS]  | SCons Build System                  | SCons by Steven Knight et al.:
  [PASS]  | C++ Compiler                        | gcc.EXE (Rev14, Built by MSYS2 project) 15.2.0
  [PASS]  | Godot 4.6 Binary                    | D:/ProgramFiles/godot/Godot_v4.6.1-stable_win64_console.exe

======================================================================
 [VERIFY] 2. Checking Git Submodules
======================================================================
  [PASS]  | godot-cpp submodule                 | Initialized and present

======================================================================
 [VERIFY] 3. Building C++ GDExtension (Debug)
======================================================================
  Executing: scons custom_api_file=extension_api.json platform=windows target=template_debug -j22
  [PASS]  | SCons Compilation                   | Built successfully

======================================================================
 [VERIFY] 4. Headless Godot Editor Import & Validation
======================================================================
  [PASS]  | Project Import                      | Assets and scripts validated cleanly

======================================================================
 [VERIFY] 5. Running GUT Automated Tests
======================================================================
  [PASS]  | GUT Test Suite                      | All 422 tests passed across 63 scripts

======================================================================
 [VERIFY] 6. Running Python Tooling & Unit Tests
======================================================================
  [PASS]  | Python Unit Tests                   | All 148 python unit tests passed (5 test files)

======================================================================
 [VERIFY] 7. Running Issue #18 Procedural World & Combat Verification
======================================================================
  [PASS]  | Issue #18 Verification              | All 26 procedural world, combat, and streaming checks passed

======================================================================
 [VERIFY] 8. Headless Main Menu Smoke Run (60 frames)
======================================================================
  [PASS]  | Menu Smoke Run                      | Main menu initialized and ran cleanly (60 frames)

======================================================================
 [VERIFY] 9. Headless Gameplay Smoke Harness (F27)
======================================================================
  [PASS]  | Gameplay Smoke Harness              | All 24 gameplay checks passed across 3 classes

======================================================================
 [VERIFY] SUMMARY
======================================================================
  All verification stages completed successfully! Project is healthy.
======================================================================
