
######################################################################
 CUBE SIEGE - AUTOMATED ENVIRONMENT & CODEBASE AUDIT
######################################################################

======================================================================
 [VERIFY] 1. Checking Development Toolchain
======================================================================
  [PASS]  | Python Runtime                      | v3.13.5
  [PASS]  | Git CLI                             | git version 2.50.0.windows.2
  [PASS]  | GitHub CLI (gh)                     | gh version 2.101.0 (2026-09-15) (Logged in to github.com account alex123321-maker (keyring))
  [PASS]  | SCons Build System                  | SCons by Steven Knight et al.:
  [PASS]  | C++ Compiler                        | gcc.EXE (Rev14, Built by MSYS2 project) 15.2.0
  [PASS]  | Godot 4.6 Binary                    | D:\ProgramFiles\godot\Godot_v4.6.1-stable_win64_console.exe

======================================================================
 [VERIFY] 2. Checking Git Submodules
======================================================================
  [PASS]  | godot-cpp submodule                 | Initialized and present

======================================================================
 [VERIFY] 3. Building C++ GDExtension (Debug)
======================================================================
  Executing: scons custom_api_file=extension_api.json platform=windows target=template_debug -j22
  [FAIL]  | SCons Compilation                   | Build failed

--- SCons Build Output ---
[TIMEOUT] Command 'scons build' timed out after 600.0 seconds.
Output before timeout:
scons: Reading SConscript files ...
Building for architecture x86_64 on platform windows
scons: done reading SConscript files.
sses\pin_joint2d.cpp ...
Compiling godot-cpp\gen\src\classes\csg_primitive3d.cpp ...
Compiling godot-cpp\gen\src\classes\visual_shader_node_group_base.cpp ...
Compiling godot-cpp\gen\src\classes\x509_certificate.cpp ...
Compiling godot-cpp\gen\src\classes\back_buffer_copy.cpp ...
Compiling godot-cpp\gen\src\classes\scene_tree.cpp ...
Compiling godot-cpp\gen\src\classes\physics_test_motion_result2d.cpp ...
Compiling godot-cpp\gen\src\classes\editor_feature_profile.cpp ...
Compiling godot-cpp\gen\src\classes\csg_polygon3d.cpp ...
Compiling godot-cpp\gen\src\classes\concave_polygon_shape3d.cpp ...
Compiling godot-cpp\gen\src\variant\packed_vector4_array.cpp ...
Compiling godot-cpp\gen\src\classes\xr_anchor3d.cpp ...
Compiling godot-cpp\gen\src\classes\audio_stream_player3d.cpp ...
Compiling godot-cpp\gen\src\classes\script.cpp ...
Compiling godot-cpp\gen\src\classes\physics_shape_query_parameters3d.cpp ...
Compiling godot-cpp\gen\src\classes\editor_export_platform_vision_os.cpp ...
Compiling godot-cpp\gen\src\classes\open_xr_spatial_capability_configuration_micro_qr_code.cpp ...
Compiling godot-cpp\gen\src\classes\csg_sphere3d.cpp ...
Compiling godot-cpp\gen\src\classes\visual_shader_node_face_forward.cpp ...
Compiling godot-cpp\src\variant\projection.cpp ...
Compiling godot-cpp\src\variant\transform3d.cpp ...
Compiling godot-cpp\src\variant\packed_arrays.cpp ...
Compiling godot-cpp\src\classes\low_level.cpp ...
Compiling godot-cpp\gen\src\classes\audio_stream_wav.cpp ...
Compiling godot-cpp\gen\src\classes\script_extension.cpp ...
Compiling godot-cpp\gen\src\classes\csg_shape3d.cpp ...
Compiling godot-cpp\gen\src\classes\compressed_texture2d.cpp ...
Compiling godot-cpp\gen\src\classes\accept_dialog.cpp ...
Compiling godot-cpp\gen\src\classes\open_xr_action.cpp ...
Compiling godot-cpp\gen\src\classes\script_editor_base.cpp ...
Compiling godot-cpp\gen\src\classes\a_star_grid2d.cpp ...
Linking Static Library godot-cpp\bin\libgodot-cpp.windows.template_debug.x86_64.a ...


[ERROR] C++ GDExtension compilation failed. Verification aborted.
