
######################################################################
 CUBE SIEGE - AUTOMATED ENVIRONMENT & CODEBASE AUDIT
######################################################################

======================================================================
 [VERIFY] 1. Checking Development Toolchain
======================================================================
  [PASS]  | Python Runtime                      | v3.13.5
  [PASS]  | Git CLI                             | git version 2.50.0.windows.2
  [PASS]  | GitHub CLI (gh)                     | gh version 2.101.0 (2026-09-15) (Logged in to github.com account alex123321-maker (keyring))
  [PASS]  | SCons Build System                  | SCons by Steven Knight et al.:
  [PASS]  | C++ Compiler                        | gcc.EXE (Rev14, Built by MSYS2 project) 15.2.0
  [PASS]  | Godot 4.6 Binary                    | D:\ProgramFiles\godot\Godot_v4.6.1-stable_win64_console.exe

======================================================================
 [VERIFY] 2. Checking Git Submodules
======================================================================
  [PASS]  | godot-cpp submodule                 | Initialized and present

======================================================================
 [VERIFY] 3. Building C++ GDExtension (Debug)
======================================================================
  Executing: scons custom_api_file=extension_api.json platform=windows target=template_debug
  [PASS]  | SCons Compilation                   | Built successfully

======================================================================
 [VERIFY] 4. Headless Godot Editor Import & Validation
======================================================================
  [PASS]  | Project Import                      | Assets and scripts validated cleanly

======================================================================
 [VERIFY] 5. Running GUT Automated Tests
======================================================================
  [PASS]  | GUT Test Suite                      | Smoke tests passed via .gutconfig.json (harness active for smoke/unit/integration)

======================================================================
 [VERIFY] 6. Running Python Tooling & Review Loop Tests
======================================================================
  [PASS]  | Python Unit Tests                   | All review loop and tooling unit tests passed

======================================================================
 [VERIFY] 8. Running Issue #18 Procedural World & Combat Verification
======================================================================
  [PASS]  | Issue #18 Verification              | All procedural world, vertical combat, and streaming checks passed

======================================================================
 [VERIFY] 7. Headless Game Runtime Smoke Run (100 frames)
======================================================================
  [PASS]  | 100-Frame Smoke Run                 | Game started and exited normally (100 frames simulated)

======================================================================
 [VERIFY] SUMMARY
======================================================================
  All verification stages completed successfully! Project is healthy.
======================================================================
